.\gradlew.bat : 
At line:1 char:54
+ ... dStudioProjects\TradeTrack2" ; .\gradlew.bat clean build 2>&1 | Tee-O ...
+                                    ~~~~~~~~~~~~~~~~~~~~~~~~~~~~~~
    + CategoryInfo          : NotSpecified: (:String) [], RemoteException
    + FullyQualifiedErrorId : NativeCommandError
 
FAILURE: Build failed with an exception.

* Where:
Build file 'C:\Users\PC\AndroidStudioProjects\TradeTrack2\build.gradle.kts' line: 2

* What went wrong:
Plugin [id: 'org.jetbrains.kotlin.plugin.compose', version: '1.9.10', apply: false] was not found in any of the following sources:

- Gradle Core Plugins (plugin is not in 'org.gradle' namespace)
- Included Builds (No included builds contain this plugin)
- Plugin Repositories (could not resolve plugin artifact 
'org.jetbrains.kotlin.plugin.compose:org.jetbrains.kotlin.plugin.compose.gradle.plugin:1.9.10')
  Searched in the following repositories:
    Google
    MavenRepo
    Gradle Central Plugin Repository

* Try:
> Run with --stacktrace option to get the stack trace.
> Run with --info or --debug option to get more log output.
> Run with --scan to generate a Build Scan (powered by Develocity).
> Get more help at https://help.gradle.org.

BUILD FAILED in 19s
